// Jest Snapshot v1, https://goo.gl/fbAQLP

exports[`Storyshots Footer Default 1`] = `
<footer
  className="info"
>
  <p>
    Double-click to edit a todo
  </p>
  <p>
    Created by 
    <a
      href="http://github.com/jacob-ebey/"
    >
      jacob-ebey
    </a>
  </p>
  <p>
    Part of 
    <a
      href="http://todomvc.com"
    >
      TodoMVC
    </a>
  </p>
</footer>
`;

exports[`Storyshots TodoItem Default 1`] = `
<li
  class="todo-list"
  style={
    Object {
      "background": "white",
    }
  }
>
  <li
    className=" "
    onClick={[Function]}
  >
    <div
      className="view"
    >
      <input
        autoFocus={true}
        checked={false}
        className="toggle"
        onChange={[Function]}
        type="checkbox"
      />
      <label>
        Have a Breakfast
      </label>
      <button
        className="destroy"
        onClick={[Function]}
      />
    </div>
  </li>
  <li
    className=" completed"
    onClick={[Function]}
  >
    <div
      className="view"
    >
      <input
        autoFocus={true}
        checked={true}
        className="toggle"
        onChange={[Function]}
        type="checkbox"
      />
      <label>
        Buy a car
      </label>
      <button
        className="destroy"
        onClick={[Function]}
      />
    </div>
  </li>
</li>
`;

exports[`Storyshots TodoList Default 1`] = `
<div
  className="todoapp"
>
  <header
    className="header"
  >
    <h1>
      todos
    </h1>
    <input
      className="new-todo"
      onChange={[Function]}
      onKeyPress={[Function]}
      placeholder="What needs to be done?"
      value=""
    />
  </header>
  <section
    className="main"
  >
    <input
      checked={true}
      className="toggle-all"
      id="toggle-all"
      onChange={[Function]}
      type="checkbox"
    />
    <label
      htmlFor="toggle-all"
    />
    <ul
      className="todo-list"
    />
  </section>
  <footer
    className="footer"
  >
    <span
      className="todo-count"
    >
      <strong>
        0
      </strong>
       items left
    </span>
    <ul
      className="filters"
    >
      <li>
        <a
          aria-current="page"
          className="selected"
          href="#/"
          onClick={[Function]}
          style={Object {}}
        >
          All
        </a>
      </li>
      <li>
        <a
          aria-current={null}
          href="#/active"
          onClick={[Function]}
        >
          Active
        </a>
      </li>
      <li>
        <a
          aria-current={null}
          href="#/completed"
          onClick={[Function]}
        >
          Completed
        </a>
      </li>
    </ul>
  </footer>
</div>
`;
